server.ts(154,25): error TS6133: 'req' is declared but its value is never read.
server.ts(159,32): error TS6133: 'req' is declared but its value is never read.
server.ts(238,19): error TS6133: 'targetLang' is declared but its value is never read.
server.ts(350,9): error TS6133: 'isValid' is declared but its value is never read.
server.ts(678,22): error TS6133: 'req' is declared but its value is never read.
src/components/A1InteractiveOnboarding.tsx(13,3): error TS6133: 'HelpCircle' is declared but its value is never read.
src/components/CefrVocabularyBrowser.tsx(23,3): error TS6133: 'ArrowRight' is declared but its value is never read.
src/components/CefrVocabularyBrowser.tsx(24,3): error TS6133: 'BookmarkPlus' is declared but its value is never read.
src/components/CefrVocabularyBrowser.tsx(26,3): error TS6133: 'CheckCheck' is declared but its value is never read.
src/components/CefrVocabularyBrowser.tsx(36,3): error TS6133: 'TOTAL_CEFR_WORDS' is declared but its value is never read.
src/components/CefrVocabularyBrowser.tsx(87,10): error TS6133: 'addedToDeckId' is declared but its value is never read.
src/components/CefrVocabularyBrowser.tsx(87,25): error TS6133: 'setAddedToDeckId' is declared but its value is never read.
src/components/CefrVocabularyBrowser.tsx(89,10): error TS6133: 'groupWordsInAllView' is declared but its value is never read.
src/components/CefrVocabularyBrowser.tsx(89,31): error TS6133: 'setGroupWordsInAllView' is declared but its value is never read.
src/components/CefrVocabularyBrowser.tsx(585,27): error TS6133: 'isReadyForMasteryQuiz' is declared but its value is never read.
src/components/layout/MobileShell.tsx(2,61): error TS6133: 'BookOpen' is declared but its value is never read.
src/components/modals/LockedFeatureModal.tsx(11,3): error TS6133: 'ShieldCheck' is declared but its value is never read.
src/components/modals/LockedProgressionModal.tsx(2,44): error TS6133: 'Award' is declared but its value is never read.
src/components/modals/LockedProgressionModal.tsx(2,51): error TS6133: 'Sparkles' is declared but its value is never read.
src/components/modals/LockedProgressionModal.tsx(2,61): error TS6133: 'CheckCircle2' is declared but its value is never read.
src/components/modals/PlacementTestModal.tsx(5,3): error TS6133: 'Award' is declared but its value is never read.
src/components/modals/PlacementTestModal.tsx(7,3): error TS6133: 'ChevronRight' is declared but its value is never read.
src/components/modals/PlacementTestModal.tsx(8,3): error TS6133: 'ShieldCheck' is declared but its value is never read.
src/components/modals/PlacementTestModal.tsx(10,3): error TS6133: 'Lock' is declared but its value is never read.
src/components/modals/PlacementTestModal.tsx(23,5): error TS6133: 'user' is declared but its value is never read.
src/components/modals/PlacementTestModal.tsx(91,9): error TS6133: 'selectedMeta' is declared but its value is never read.
src/components/modals/TopicMasteryQuizModal.tsx(2,64): error TS6133: 'Star' is declared but its value is never read.
src/context/AppContext.tsx(31,3): error TS6133: 'CEFR_TOPIC_ORDER' is declared but its value is never read.
src/context/AppContext.tsx(35,3): error TS6133: 'getLeagueProgress' is declared but its value is never read.
src/context/AppContext.tsx(50,3): error TS6133: 'getTimeUntilReminder' is declared but its value is never read.
src/context/AppContext.tsx(52,3): error TS6133: 'playReminderChime' is declared but its value is never read.
src/context/AppContext.tsx(515,24): error TS6133: 'setAchievements' is declared but its value is never read.
src/context/AppContext.tsx(648,36): error TS6133: 'reason' is declared but its value is never read.
src/context/AppContext.tsx(913,51): error TS6133: 'topicName' is declared but its value is never read.
src/data/initialData.ts(37,7): error TS6133: '_UNUSED_OLD_WORDS' is declared but its value is never read.
src/screens/AddWordModal.tsx(17,3): error TS6133: 'CheckCheck' is declared but its value is never read.
src/screens/AddWordModal.tsx(22,3): error TS6133: 'HelpCircle' is declared but its value is never read.
src/screens/AdminScreen.tsx(5,3): error TS6133: 'Database' is declared but its value is never read.
src/screens/AdminScreen.tsx(7,3): error TS6133: 'Trash2' is declared but its value is never read.
src/screens/AdminScreen.tsx(8,3): error TS6133: 'Edit' is declared but its value is never read.
src/screens/AdminScreen.tsx(9,3): error TS6133: 'Users' is declared but its value is never read.
src/screens/AdminScreen.tsx(12,3): error TS6133: 'FolderOpen' is declared but its value is never read.
src/screens/AdminScreen.tsx(16,1): error TS6133: 'Word' is declared but its value is never read.
src/screens/AuthScreen.tsx(2,41): error TS6133: 'ShieldCheck' is declared but its value is never read.
src/screens/FlashcardScreen.tsx(10,3): error TS6133: 'Sparkles' is declared but its value is never read.
src/screens/FlashcardScreen.tsx(15,3): error TS6133: 'GraduationCap' is declared but its value is never read.
src/screens/FlashcardScreen.tsx(23,3): error TS6133: 'HelpCircle' is declared but its value is never read.
src/screens/FlashcardScreen.tsx(26,3): error TS6133: 'FolderPlus' is declared but its value is never read.
src/screens/FlashcardScreen.tsx(28,3): error TS6133: 'Layers' is declared but its value is never read.
src/screens/FlashcardScreen.tsx(29,3): error TS6133: 'ChevronDown' is declared but its value is never read.
src/screens/FlashcardScreen.tsx(36,27): error TS6133: 'Deck' is declared but its value is never read.
src/screens/FlashcardScreen.tsx(40,3): error TS6133: 'CEFR_TOPIC_CATEGORIES' is declared but its value is never read.
src/screens/FlashcardScreen.tsx(41,3): error TS6133: 'CEFR_TOPIC_ORDER' is declared but its value is never read.
src/screens/FlashcardScreen.tsx(59,5): error TS6133: 'setSelectedDeckId' is declared but its value is never read.
src/screens/FlashcardScreen.tsx(335,66): error TS6133: 'isFromAutoPlay' is declared but its value is never read.
src/screens/GamesScreen.tsx(3,3): error TS6133: 'Gamepad2' is declared but its value is never read.
src/screens/GamesScreen.tsx(11,3): error TS6133: 'Flame' is declared but its value is never read.
src/screens/GamesScreen.tsx(21,5): error TS6133: 'user' is declared but its value is never read.
src/screens/HomeScreen.tsx(14,3): error TS6133: 'TrendingUp' is declared but its value is never read.
src/screens/HomeScreen.tsx(18,3): error TS6133: 'Layers' is declared but its value is never read.
src/screens/HomeScreen.tsx(19,3): error TS6133: 'Printer' is declared but its value is never read.
src/screens/HomeScreen.tsx(20,3): error TS6133: 'MessageSquareQuote' is declared but its value is never read.
src/screens/HomeScreen.tsx(23,3): error TS6133: 'Trophy' is declared but its value is never read.
src/screens/HomeScreen.tsx(42,5): error TS6133: 'selectedCefrLevel' is declared but its value is never read.
src/screens/HomeScreen.tsx(48,5): error TS6133: 'userLeague' is declared but its value is never read.
src/screens/LeaderboardScreen.tsx(4,3): error TS6133: 'Trophy' is declared but its value is never read.
src/screens/LeaderboardScreen.tsx(10,3): error TS6133: 'Sparkles' is declared but its value is never read.
src/screens/LeaderboardScreen.tsx(11,3): error TS6133: 'Shield' is declared but its value is never read.
src/screens/LeaderboardScreen.tsx(13,3): error TS6133: 'ArrowUpRight' is declared but its value is never read.
src/screens/LeaderboardScreen.tsx(14,3): error TS6133: 'Info' is declared but its value is never read.
src/screens/LeaderboardScreen.tsx(17,22): error TS6133: 'RankingUser' is declared but its value is never read.
src/screens/LeaderboardScreen.tsx(29,5): error TS6133: 'userLeague' is declared but its value is never read.
src/screens/LeaderboardScreen.tsx(34,9): error TS6133: 'restList' is declared but its value is never read.
src/screens/MultiplayerScreen.tsx(12,3): error TS6133: 'Share2' is declared but its value is never read.
src/screens/MultiplayerScreen.tsx(17,3): error TS6133: 'Flame' is declared but its value is never read.
src/screens/MultiplayerScreen.tsx(67,10): error TS6133: 'isHost' is declared but its value is never read.
src/screens/MultiplayerScreen.tsx(74,23): error TS6133: 'setPublicRooms' is declared but its value is never read.
src/screens/NotificationsScreen.tsx(6,3): error TS6133: 'Flame' is declared but its value is never read.
src/screens/NotificationsScreen.tsx(8,3): error TS6133: 'Sparkles' is declared but its value is never read.
src/screens/NotificationsScreen.tsx(10,3): error TS6133: 'Smartphone' is declared but its value is never read.
src/screens/NotificationsScreen.tsx(18,3): error TS6133: 'Calendar' is declared but its value is never read.
src/screens/NotificationsScreen.tsx(19,3): error TS6133: 'BookOpen' is declared but its value is never read.
src/screens/NotificationsScreen.tsx(21,3): error TS6133: 'RefreshCw' is declared but its value is never read.
src/screens/OnboardingScreen.tsx(13,3): error TS6133: 'Compass' is declared but its value is never read.
src/screens/OnboardingScreen.tsx(15,3): error TS6133: 'BookOpen' is declared but its value is never read.
src/screens/PremiumScreen.tsx(7,3): error TS6133: 'Sparkles' is declared but its value is never read.
src/screens/PremiumScreen.tsx(8,3): error TS6133: 'Zap' is declared but its value is never read.
src/screens/PremiumScreen.tsx(9,3): error TS6133: 'CreditCard' is declared but its value is never read.
src/screens/ProfileScreen.tsx(5,3): error TS6133: 'Flame' is declared but its value is never read.
src/screens/ProfileScreen.tsx(7,3): error TS6133: 'CheckCircle2' is declared but its value is never read.
src/screens/ProfileScreen.tsx(10,3): error TS6133: 'Lock' is declared but its value is never read.
src/screens/ProfileScreen.tsx(16,3): error TS6133: 'Share2' is declared but its value is never read.
src/screens/ProfileScreen.tsx(19,3): error TS6133: 'HelpCircle' is declared but its value is never read.
src/screens/ProfileScreen.tsx(21,3): error TS6133: 'Headphones' is declared but its value is never read.
src/screens/ProgressScreen.tsx(4,3): error TS6133: 'Award' is declared but its value is never read.
src/screens/ProgressScreen.tsx(5,3): error TS6133: 'TrendingUp' is declared but its value is never read.
src/screens/ProgressScreen.tsx(6,3): error TS6133: 'BookOpen' is declared but its value is never read.
src/screens/ProgressScreen.tsx(7,3): error TS6133: 'Calendar' is declared but its value is never read.
src/screens/ProgressScreen.tsx(10,3): error TS6133: 'Sparkles' is declared but its value is never read.
src/screens/ProgressScreen.tsx(11,3): error TS6133: 'BarChart2' is declared but its value is never read.
src/screens/ProgressScreen.tsx(23,5): error TS6133: 'words' is declared but its value is never read.
src/screens/ServicesScreen.tsx(11,3): error TS6133: 'Send' is declared but its value is never read.
src/screens/ServicesScreen.tsx(13,3): error TS6133: 'Compass' is declared but its value is never read.
src/screens/ServicesScreen.tsx(16,3): error TS6133: 'Flame' is declared but its value is never read.
src/screens/SettingsScreen.tsx(5,3): error TS6133: 'Sliders' is declared but its value is never read.
src/screens/SettingsScreen.tsx(10,3): error TS6133: 'Shield' is declared but its value is never read.
src/screens/SettingsScreen.tsx(11,3): error TS6133: 'Check' is declared but its value is never read.
src/screens/SettingsScreen.tsx(12,3): error TS6133: 'Smartphone' is declared but its value is never read.
src/screens/SettingsScreen.tsx(21,54): error TS6133: 'user' is declared but its value is never read.
src/screens/SettingsScreen.tsx(21,60): error TS6133: 'updateUserProfile' is declared but its value is never read.
src/screens/VocabularyScreen.tsx(11,3): error TS6133: 'Layers' is declared but its value is never read.
src/screens/VocabularyScreen.tsx(18,3): error TS6133: 'Award' is declared but its value is never read.
src/screens/VocabularyScreen.tsx(20,3): error TS6133: 'HeartPulse' is declared but its value is never read.
src/screens/VocabularyScreen.tsx(21,3): error TS6133: 'Activity' is declared but its value is never read.
src/screens/VocabularyScreen.tsx(24,3): error TS6133: 'HelpCircle' is declared but its value is never read.
src/screens/VocabularyScreen.tsx(27,3): error TS6133: 'Check' is declared but its value is never read.
src/screens/VocabularyScreen.tsx(34,10): error TS6133: 'MEDICAL_ENGLISH_META' is declared but its value is never read.
src/screens/VocabularyScreen.tsx(38,5): error TS6133: 'topics' is declared but its value is never read.
src/screens/VocabularyScreen.tsx(335,11): error TS6133: 'isTopic' is declared but its value is never read.
src/screens/VocabularyScreen.tsx(796,23): error TS6133: 'learningPercent' is declared but its value is never read.
src/screens/WeakWordsScreen.tsx(10,3): error TS6133: 'BookOpen' is declared but its value is never read.
src/screens/WeakWordsScreen.tsx(11,3): error TS6133: 'Filter' is declared but its value is never read.
src/screens/WeakWordsScreen.tsx(13,3): error TS6133: 'Award' is declared but its value is never read.
src/screens/WeakWordsScreen.tsx(18,1): error TS6133: 'PastErrorItem' is declared but its value is never read.
src/screens/WeakWordsScreen.tsx(28,5): error TS6133: 'userLeague' is declared but its value is never read.
src/screens/games/AnagramGame.tsx(2,42): error TS6133: 'HelpCircle' is declared but its value is never read.
src/screens/games/AnagramGame.tsx(5,1): error TS6133: 'Word' is declared but its value is never read.
src/screens/games/AudioGame.tsx(1,47): error TS6133: 'useRef' is declared but its value is never read.
src/screens/games/AudioGame.tsx(5,3): error TS6133: 'VolumeX' is declared but its value is never read.
src/screens/games/AudioGame.tsx(11,3): error TS6133: 'Sparkles' is declared but its value is never read.
src/screens/games/AudioGame.tsx(13,3): error TS6133: 'HelpCircle' is declared but its value is never read.
src/screens/games/AudioGame.tsx(16,3): error TS6133: 'Play' is declared but its value is never read.
src/screens/games/AudioGame.tsx(18,3): error TS6133: 'ChevronRight' is declared but its value is never read.
src/screens/games/AudioGame.tsx(19,3): error TS6133: 'GraduationCap' is declared but its value is never read.
src/screens/games/AudioGame.tsx(20,3): error TS6133: 'Layers' is declared but its value is never read.
src/screens/games/AudioGame.tsx(21,3): error TS6133: 'Award' is declared but its value is never read.
src/screens/games/AudioGame.tsx(60,22): error TS6133: 'setAudioSpeed' is declared but its value is never read.
src/screens/games/AudioGame.tsx(71,10): error TS6133: 'correctList' is declared but its value is never read.
src/screens/games/MatchingGame.tsx(1,38): error TS6133: 'useMemo' is declared but its value is never read.
src/screens/games/MatchingGame.tsx(2,40): error TS6133: 'Sparkles' is declared but its value is never read.
src/screens/games/MatchingGame.tsx(5,1): error TS6133: 'Word' is declared but its value is never read.
src/screens/games/QuizSprintGame.tsx(5,1): error TS6133: 'Word' is declared but its value is never read.
src/screens/services/AiTutorScreen.tsx(5,3): error TS6133: 'Sparkles' is declared but its value is never read.
src/screens/services/AiTutorScreen.tsx(9,3): error TS6133: 'HelpCircle' is declared but its value is never read.
src/screens/services/AiTutorScreen.tsx(10,3): error TS6133: 'Lightbulb' is declared but its value is never read.
src/screens/services/AudioPlayerScreen.tsx(8,3): error TS6133: 'Volume2' is declared but its value is never read.
src/screens/services/AudioPlayerScreen.tsx(10,3): error TS6133: 'Sliders' is declared but its value is never read.
src/screens/services/AudioPlayerScreen.tsx(12,3): error TS6133: 'Sparkles' is declared but its value is never read.
src/screens/services/AudioPlayerScreen.tsx(13,3): error TS6133: 'BookOpen' is declared but its value is never read.
src/screens/services/AudioPlayerScreen.tsx(14,3): error TS6133: 'Layers' is declared but its value is never read.
src/screens/services/AudioPlayerScreen.tsx(15,3): error TS6133: 'Repeat' is declared but its value is never read.
src/screens/services/CertificateTestScreen.tsx(10,3): error TS6133: 'QrCode' is declared but its value is never read.
src/screens/services/CertificateTestScreen.tsx(14,3): error TS6133: 'X' is declared but its value is never read.
src/screens/services/CertificateTestScreen.tsx(18,3): error TS6133: 'BookOpen' is declared but its value is never read.
src/screens/services/CertificateTestScreen.tsx(19,3): error TS6133: 'FileCheck' is declared but its value is never read.
src/screens/services/CertificateTestScreen.tsx(20,3): error TS6133: 'BarChart3' is declared but its value is never read.
src/screens/services/CertificateTestScreen.tsx(21,3): error TS6133: 'Layers' is declared but its value is never read.
src/screens/services/CertificateTestScreen.tsx(22,3): error TS6133: 'GraduationCap' is declared but its value is never read.
src/screens/services/ExportToolsScreen.tsx(8,3): error TS6133: 'CheckCircle2' is declared but its value is never read.
src/screens/services/ExportToolsScreen.tsx(9,3): error TS6133: 'Share2' is declared but its value is never read.
src/screens/services/ExportToolsScreen.tsx(10,3): error TS6133: 'Copy' is declared but its value is never read.
src/screens/services/ExportToolsScreen.tsx(11,3): error TS6133: 'Sparkles' is declared but its value is never read.
src/screens/services/ExportToolsScreen.tsx(20,10): error TS6133: 'copiedToast' is declared but its value is never read.
src/screens/services/ExportToolsScreen.tsx(20,23): error TS6133: 'setCopiedToast' is declared but its value is never read.
src/screens/services/IeltsTestScreen.tsx(8,3): error TS6133: 'HelpCircle' is declared but its value is never read.
src/screens/services/IeltsTestScreen.tsx(16,3): error TS6133: 'Share2' is declared but its value is never read.
src/screens/services/IeltsTestScreen.tsx(17,3): error TS6133: 'Sparkles' is declared but its value is never read.
src/screens/services/SentenceBuilderScreen.tsx(4,3): error TS6133: 'Layers' is declared but its value is never read.
src/screens/services/SentenceBuilderScreen.tsx(5,3): error TS6133: 'Volume2' is declared but its value is never read.
src/screens/services/SentenceBuilderScreen.tsx(10,3): error TS6133: 'Star' is declared but its value is never read.
src/screens/services/StoriesScreen.tsx(10,3): error TS6133: 'Star' is declared but its value is never read.
src/screens/services/StoriesScreen.tsx(13,3): error TS6133: 'Filter' is declared but its value is never read.
src/screens/services/StoriesScreen.tsx(14,3): error TS6133: 'Flame' is declared but its value is never read.
src/screens/services/StoriesScreen.tsx(18,3): error TS6133: 'Headphones' is declared but its value is never read.
src/screens/services/StoriesScreen.tsx(19,3): error TS6133: 'Award' is declared but its value is never read.
src/screens/services/StoriesScreen.tsx(22,3): error TS6133: 'CheckCircle' is declared but its value is never read.
src/screens/services/StoriesScreen.tsx(24,3): error TS6133: 'HelpCircle' is declared but its value is never read.
src/screens/services/StoriesScreen.tsx(25,3): error TS6133: 'Clock' is declared but its value is never read.
src/screens/services/StoriesScreen.tsx(36,10): error TS6133: 'CEFR_LEVELS_META' is declared but its value is never read.
src/screens/test/TestResultsScreen.tsx(15,3): error TS6133: 'PenTool' is declared but its value is never read.
src/screens/test/TestResultsScreen.tsx(16,3): error TS6133: 'BookmarkCheck' is declared but its value is never read.
src/screens/test/TestRunScreen.tsx(8,3): error TS6133: 'GraduationCap' is declared but its value is never read.
src/screens/test/TestRunScreen.tsx(10,3): error TS6133: 'Sparkles' is declared but its value is never read.
src/screens/test/TestSelectScreen.tsx(8,3): error TS6133: 'BookOpen' is declared but its value is never read.
src/screens/test/TestSelectScreen.tsx(11,3): error TS6133: 'Award' is declared but its value is never read.
src/screens/test/TestSelectScreen.tsx(12,3): error TS6133: 'FileText' is declared but its value is never read.
src/utils/cefrVisualEngine.ts(1,16): error TS6133: 'CEFRLevel' is declared but its value is never read.
src/utils/notifications.ts(1,10): error TS6133: 'NotificationReminder' is declared but its value is never read.
src/utils/notifications.ts(129,9): error TS6133: 'currentH' is declared but its value is never read.
src/utils/notifications.ts(130,9): error TS6133: 'currentM' is declared but its value is never read.
src/utils/offlineStorage.ts(7,16): error TS6133: 'UserWordProgress' is declared but its value is never read.
src/utils/srs.ts(74,5): error TS6133: 'activeSpeechUtterance' is declared but its value is never read.
